c:\users\jaygo\desktop\inm376_coursework_jaygovindhan\inm376_coursework_jaygovindhan\opengltemplate\x64\release\vc143.pdb
c:\users\jaygo\desktop\inm376_coursework_jaygovindhan\inm376_coursework_jaygovindhan\opengltemplate\x64\release\vertexbufferobjectindexed.obj
c:\users\jaygo\desktop\inm376_coursework_jaygovindhan\inm376_coursework_jaygovindhan\opengltemplate\x64\release\vertexbufferobject.obj
c:\users\jaygo\desktop\inm376_coursework_jaygovindhan\inm376_coursework_jaygovindhan\opengltemplate\x64\release\track.obj
c:\users\jaygo\desktop\inm376_coursework_jaygovindhan\inm376_coursework_jaygovindhan\opengltemplate\x64\release\texture.obj
c:\users\jaygo\desktop\inm376_coursework_jaygovindhan\inm376_coursework_jaygovindhan\opengltemplate\x64\release\sphere.obj
c:\users\jaygo\desktop\inm376_coursework_jaygovindhan\inm376_coursework_jaygovindhan\opengltemplate\x64\release\skybox.obj
c:\users\jaygo\desktop\inm376_coursework_jaygovindhan\inm376_coursework_jaygovindhan\opengltemplate\x64\release\shaders.obj
c:\users\jaygo\desktop\inm376_coursework_jaygovindhan\inm376_coursework_jaygovindhan\opengltemplate\x64\release\plane.obj
c:\users\jaygo\desktop\inm376_coursework_jaygovindhan\inm376_coursework_jaygovindhan\opengltemplate\x64\release\openassetimportmesh.obj
c:\users\jaygo\desktop\inm376_coursework_jaygovindhan\inm376_coursework_jaygovindhan\opengltemplate\x64\release\matrixstack.obj
c:\users\jaygo\desktop\inm376_coursework_jaygovindhan\inm376_coursework_jaygovindhan\opengltemplate\x64\release\highresolutiontimer.obj
c:\users\jaygo\desktop\inm376_coursework_jaygovindhan\inm376_coursework_jaygovindhan\opengltemplate\x64\release\gamewindow.obj
c:\users\jaygo\desktop\inm376_coursework_jaygovindhan\inm376_coursework_jaygovindhan\opengltemplate\x64\release\game.obj
c:\users\jaygo\desktop\inm376_coursework_jaygovindhan\inm376_coursework_jaygovindhan\opengltemplate\x64\release\freetypefont.obj
c:\users\jaygo\desktop\inm376_coursework_jaygovindhan\inm376_coursework_jaygovindhan\opengltemplate\x64\release\diamond.obj
c:\users\jaygo\desktop\inm376_coursework_jaygovindhan\inm376_coursework_jaygovindhan\opengltemplate\x64\release\cubemap.obj
c:\users\jaygo\desktop\inm376_coursework_jaygovindhan\inm376_coursework_jaygovindhan\opengltemplate\x64\release\catmullrom.obj
c:\users\jaygo\desktop\inm376_coursework_jaygovindhan\inm376_coursework_jaygovindhan\opengltemplate\x64\release\camera.obj
c:\users\jaygo\desktop\inm376_coursework_jaygovindhan\inm376_coursework_jaygovindhan\opengltemplate\x64\release\audio.obj
c:\users\jaygo\desktop\inm376_coursework_jaygovindhan\inm376_coursework_jaygovindhan\x64\release\opengltemplate.exe
c:\users\jaygo\desktop\inm376_coursework_jaygovindhan\inm376_coursework_jaygovindhan\x64\release\opengltemplate.pdb
c:\users\jaygo\desktop\inm376_coursework_jaygovindhan\inm376_coursework_jaygovindhan\x64\release\opengltemplate.lib
c:\users\jaygo\desktop\inm376_coursework_jaygovindhan\inm376_coursework_jaygovindhan\x64\release\opengltemplate.exp
c:\users\jaygo\desktop\inm376_coursework_jaygovindhan\inm376_coursework_jaygovindhan\opengltemplate\x64\release\opengltemplate.ipdb
c:\users\jaygo\desktop\inm376_coursework_jaygovindhan\inm376_coursework_jaygovindhan\opengltemplate\x64\release\opengltemplate.iobj
c:\users\jaygo\desktop\inm376_coursework_jaygovindhan\inm376_coursework_jaygovindhan\opengltemplate\x64\release\opengltemplate.tlog\cl.command.1.tlog
c:\users\jaygo\desktop\inm376_coursework_jaygovindhan\inm376_coursework_jaygovindhan\opengltemplate\x64\release\opengltemplate.tlog\cl.items.tlog
c:\users\jaygo\desktop\inm376_coursework_jaygovindhan\inm376_coursework_jaygovindhan\opengltemplate\x64\release\opengltemplate.tlog\cl.read.1.tlog
c:\users\jaygo\desktop\inm376_coursework_jaygovindhan\inm376_coursework_jaygovindhan\opengltemplate\x64\release\opengltemplate.tlog\cl.write.1.tlog
c:\users\jaygo\desktop\inm376_coursework_jaygovindhan\inm376_coursework_jaygovindhan\opengltemplate\x64\release\opengltemplate.tlog\link.command.1.tlog
c:\users\jaygo\desktop\inm376_coursework_jaygovindhan\inm376_coursework_jaygovindhan\opengltemplate\x64\release\opengltemplate.tlog\link.read.1.tlog
c:\users\jaygo\desktop\inm376_coursework_jaygovindhan\inm376_coursework_jaygovindhan\opengltemplate\x64\release\opengltemplate.tlog\link.secondary.1.tlog
c:\users\jaygo\desktop\inm376_coursework_jaygovindhan\inm376_coursework_jaygovindhan\opengltemplate\x64\release\opengltemplate.tlog\link.write.1.tlog
