  Audio.cpp
  Camera.cpp
  CatmullRom.cpp
  Cubemap.cpp
  Diamond.cpp
  FreeTypeFont.cpp
  Game.cpp
  GameWindow.cpp
  HighResolutionTimer.cpp
  MatrixStack.cpp
  OpenAssetImportMesh.cpp
  Plane.cpp
  Shaders.cpp
  Skybox.cpp
  Sphere.cpp
  Texture.cpp
  Track.cpp
  VertexBufferObject.cpp
  VertexBufferObjectIndexed.cpp
     Creating library C:\Users\jaygo\Desktop\INM376_Coursework_Jaygovindhan\INM376_Coursework_Jaygovindhan\x64\Release\OpenGLTemplate.lib and object C:\Users\jaygo\Desktop\INM376_Coursework_Jaygovindhan\INM376_Coursework_Jaygovindhan\x64\Release\OpenGLTemplate.exp
  Generating code
  Previous IPDB not found, fall back to full compilation.
  All 1106 functions were compiled because no usable IPDB/IOBJ from previous compilation was found.
  Finished generating code
  OpenGLTemplate.vcxproj -> C:\Users\jaygo\Desktop\INM376_Coursework_Jaygovindhan\INM376_Coursework_Jaygovindhan\x64\Release\OpenGLTemplate.exe
  'pwsh.exe' is not recognized as an internal or external command,
  operable program or batch file.
