  Audio.cpp
  Camera.cpp
  CatmullRom.cpp
  Cubemap.cpp
  Diamond.cpp
  FreeTypeFont.cpp
  Game.cpp
  GameWindow.cpp
  HighResolutionTimer.cpp
  MatrixStack.cpp
  OpenAssetImportMesh.cpp
  Plane.cpp
  Shaders.cpp
  Skybox.cpp
  Sphere.cpp
  Texture.cpp
  Track.cpp
  VertexBufferObject.cpp
  VertexBufferObjectIndexed.cpp
  Generating Code...
     Creating library C:\Users\jaygo\Desktop\INM376_Coursework_Jaygovindhan\INM376_Coursework_Jaygovindhan\x64\Debug\OpenGLTemplate.lib and object C:\Users\jaygo\Desktop\INM376_Coursework_Jaygovindhan\INM376_Coursework_Jaygovindhan\x64\Debug\OpenGLTemplate.exp
MSVCRTD.lib(initializers.obj) : warning LNK4098: defaultlib 'msvcrt.lib' conflicts with use of other libs; use /NODEFAULTLIB:library
  OpenGLTemplate.vcxproj -> C:\Users\jaygo\Desktop\INM376_Coursework_Jaygovindhan\INM376_Coursework_Jaygovindhan\x64\Debug\OpenGLTemplate.exe
  'pwsh.exe' is not recognized as an internal or external command,
  operable program or batch file.
